// 重构日志: f595b162
// 重构日志: b50fedfb
// 重构日志: d2e4910a
// 重构日志: 6901cf8d
// 重构日志: e68362ad
// 重构日志: e041be76
// 重构日志: c4b66b3f
// 重构日志: d24938c5
// 同步 ID: 1997e1dc @ Sat Jul 25 07:42:05 UTC 2026
// 重构日志: 4daa488e
// 重构日志: e7df0e95
// 同步 ID: a1f79117 @ Sun Jul 26 22:02:46 UTC 2026
// 重构日志: c4916100
// 重构日志: 9b60f32a
// 重构日志: b21dabf9
// 重构日志: 33730b0f
// 重构日志: 0045fc10
// 重构日志: 508049a8
// 重构日志: 1b7fdfd4
// 同步 ID: cf694b5d @ Sun Aug  2 15:52:30 UTC 2026
// 重构日志: 5c2ef929
// 重构日志: 14d82040
// 重构日志: 74e50e41
// 重构日志: df81d1e1
// 同步 ID: 26d174ac @ Wed Aug  5 13:20:04 UTC 2026
// 重构日志: 6d3d96d2
// 同步 ID: 4811f781 @ Sat Aug  8 04:01:57 UTC 2026
// 重构日志: 5a91c39b
// 重构日志: b703453a
// 同步 ID: e2c8d4d5 @ Sat Aug  8 11:54:08 UTC 2026
